<html>
<body>
<pre>
<h1>µVision Build Log</h1>
<h2>Tool Versions:</h2>
IDE-Version: ¦ÌVision V5.36.0.0
Copyright (C) 2021 ARM Ltd and ARM Germany GmbH. All rights reserved.
License Information: 1 discipline, 1, LIC=HN0AE-5N85M-01TP1-CH6RZ-9KMD5-B6BT8
 
Tool Versions:
Toolchain:       MDK-ARM Plus  Version: 5.36.0.0
Toolchain Path:  C:\Keil_v5\ARM\ARMCC\Bin
C Compiler:      Armcc.exe V5.06 update 7 (build 960)
Assembler:       Armasm.exe V5.06 update 7 (build 960)
Linker/Locator:  ArmLink.exe V5.06 update 7 (build 960)
Library Manager: ArmAr.exe V5.06 update 7 (build 960)
Hex Converter:   FromElf.exe V5.06 update 7 (build 960)
CPU DLL:         SARMCM3.DLL V5.36.0.0
Dialog DLL:      DCM.DLL V1.17.3.0
Target DLL:      STLink\ST-LINKIII-KEIL_SWO.dll V3.0.9.0
Dialog DLL:      TCM.DLL V1.53.0.0
 
<h2>Project:</h2>
C:\Users\discipline\developer_workspace\code\RM_Program\standard_to_engineer\Project\standard.uvprojx
Project File Date:  09/08/2022

<h2>Output:</h2>
*** Using Compiler 'V5.06 update 7 (build 960)', folder: 'C:\Keil_v5\ARM\ARMCC\Bin'
Rebuild target 'standard'
assembling startup_stm32f427xx.s...
compiling stm32f4xx_it.c...
compiling stm32f4xx_dbgmcu.c...
compiling stm32f4xx_can.c...
compiling stm32f4xx_dcmi.c...
compiling system_stm32f4xx.c...
compiling stm32f4xx_cryp_tdes.c...
compiling stm32f4xx_cec.c...
compiling stm32f4xx_cryp_des.c...
compiling misc.c...
compiling stm32f4xx_crc.c...
compiling stm32f4xx_cryp.c...
compiling stm32f4xx_adc.c...
compiling stm32f4xx_dfsdm.c...
compiling stm32f4xx_dac.c...
compiling stm32f4xx_cryp_aes.c...
compiling stm32f4xx_dma.c...
compiling stm32f4xx_dsi.c...
compiling stm32f4xx_exti.c...
compiling stm32f4xx_dma2d.c...
compiling stm32f4xx_flash.c...
compiling stm32f4xx_fmpi2c.c...
compiling stm32f4xx_gpio.c...
compiling stm32f4xx_hash.c...
compiling stm32f4xx_hash_md5.c...
compiling stm32f4xx_lptim.c...
compiling stm32f4xx_flash_ramfunc.c...
compiling stm32f4xx_hash_sha1.c...
compiling stm32f4xx_i2c.c...
compiling stm32f4xx_iwdg.c...
compiling stm32f4xx_fmc.c...
compiling croutine.c...
compiling event_groups.c...
compiling stm32f4xx_ltdc.c...
compiling list.c...
compiling queue.c...
compiling stm32f4xx_pwr.c...
compiling stm32f4xx_qspi.c...
compiling timers.c...
compiling tasks.c...
compiling stm32f4xx_rng.c...
compiling heap_4.c...
compiling stm32f4xx_sai.c...
compiling stm32f4xx_spdifrx.c...
compiling ist8310driver.c...
compiling stm32f4xx_sdio.c...
compiling stm32f4xx_rcc.c...
compiling stm32f4xx_syscfg.c...
compiling stm32f4xx_spi.c...
compiling stm32f4xx_wwdg.c...
compiling port.c...
compiling mpu6500driver.c...
compiling stm32f4xx_usart.c...
compiling stm32f4xx_rtc.c...
compiling AHRS_middleware.c...
compiling stm32f4xx_tim.c...
compiling user_lib.c...
compiling ist8310driver_middleware.c...
compiling buzzer.c...
compiling mpu6500driver_middleware.c...
compiling adc.c...
compiling can.c...
compiling fric.c...
compiling delay.c...
compiling exit_init.c...
compiling laser.c...
compiling flash.c...
compiling power_ctrl.c...
compiling led.c...
compiling main.c...
compiling rc.c...
compiling rng.c...
compiling detect_task.c...
compiling sys.c...
compiling pid.c...
compiling user_task.c...
compiling spi.c...
compiling chassis_behaviour.c...
compiling Robot_arm_task.c...
compiling chassis_task.c...
..\user\APP\chassis_task\chassis_task.c(336): warning:  #177-D: variable "chassis_wz"  was declared but never referenced
          fp32 chassis_wz = 0;
..\user\APP\chassis_task\chassis_task.c: 1 warning, 0 errors
compiling timer.c...
compiling CAN_receive.c...
compiling remote_control.c...
compiling FreeRTOS_middleware.c...
compiling INS_task.c...
compiling servo_task.c...
compiling start_task.c...
linking...
Program Size: Code=38820 RO-data=2728 RW-data=396 ZI-data=134708  
FromELF: creating hex file...
".\Objects\infantry.axf" - 0 Error(s), 1 Warning(s).

<h2>Software Packages used:</h2>

Package Vendor: Keil
                http://www.keil.com/pack/Keil.STM32F4xx_DFP.2.16.0.pack
                Keil.STM32F4xx_DFP.2.16.0
                STMicroelectronics STM32F4 Series Device Support, Drivers and Examples

<h2>Collection of Component include folders:</h2>
  C:\Keil_v5\ARM\PACK\Keil\STM32F4xx_DFP\2.16.0\Drivers\CMSIS\Device\ST\STM32F4xx\Include

<h2>Collection of Component Files used:</h2>
Build Time Elapsed:  00:00:07
</pre>
</body>
</html>
